[Bootstrap]
SetupTitle=Install
SetupText=Copying Files, please stand by.
CabFile=Astronomie.CAB
Spawn=Setup1.exe
Uninstal=st6unst.exe
TmpDir=msftqws.pdw
Cabs=1

[Bootstrap Files]
File1=@VB6STKIT.DLL,$(WinSysPathSysFile),,,7/14/00 11:00:00 PM,101888,6.0.84.50
File2=@COMCAT.DLL,$(WinSysPathSysFile),$(DLLSelfRegister),,5/30/98 11:00:00 PM,22288,4.71.1460.1
File3=@STDOLE2.TLB,$(WinSysPathSysFile),$(TLBRegister),,6/2/99 11:00:00 PM,17920,2.40.4275.1
File4=@ASYCFILT.DLL,$(WinSysPathSysFile),,,3/7/99 11:00:00 PM,147728,2.40.4275.1
File5=@OLEPRO32.DLL,$(WinSysPathSysFile),$(DLLSelfRegister),,3/7/99 11:00:00 PM,164112,5.0.4275.1
File6=@OLEAUT32.DLL,$(WinSysPathSysFile),$(DLLSelfRegister),,4/11/00 11:00:00 PM,598288,2.40.4275.1
File7=@msvbvm60.dll,$(WinSysPathSysFile),$(DLLSelfRegister),,7/14/09 2:15:50 AM,1386496,6.0.98.15

[IconGroups]
Group0=Astronomie
PrivateGroup0=0
Parent0=$(Programs)

[Astronomie]
Icon1="Astronomie.exe"
Title1=Astronomie
StartIn1=$(AppPath)

[Setup]
Title=Astronomie
DefaultDir=$(ProgramFiles)\Astronomie
AppExe=Astronomie.exe
AppToUninstall=Astronomie.exe

[Setup1 Files]
File1=@Astronomie.cfg,$(AppPath),,,3/26/13 12:26:08 PM,56,0.0.0.0
File2=@instel,$(AppPath),,,1/14/08 12:19:24 PM,4051,0.0.0.0
File3=@sterren.bin,$(AppPath),,,10/6/06 1:41:54 PM,6179829,0.0.0.0
File4=@sterlijn.bin,$(AppPath),,,10/3/06 2:50:02 PM,32010,0.0.0.0
File5=@rtf_wordcode.txt,$(AppPath),,,11/28/06 2:42:26 PM,5481,0.0.0.0
File6=@rtf_standaards.txt,$(AppPath),,,3/26/13 11:59:56 AM,39865,0.0.0.0
File7=@rtf_standaards.doc,$(AppPath),,,10/5/06 11:17:08 AM,65024,0.0.0.0
File8=@messier.bin,$(AppPath),,,10/2/06 12:17:22 PM,2033,0.0.0.0
File9=@jupmanen.doc,$(AppPath),,,1/14/08 2:18:52 PM,338432,0.0.0.0
File10=@instel_new,$(AppPath),,,9/26/06 3:32:44 PM,3928,0.0.0.0
File11=@instel_ancient,$(AppPath),,,1/10/07 10:17:40 AM,4361,0.0.0.0
File12=@instel.robin,$(AppPath),,,1/14/08 12:20:40 PM,2297,0.0.0.0
File13=@instel2,$(AppPath),,,12/14/06 3:34:26 PM,4421,0.0.0.0
File14=@TABCTL32.OCX,$(WinSysPath),$(DLLSelfRegister),$(Shared),2/16/10 2:22:44 PM,221504,6.1.98.16
File15=@MSSTDFMT.DLL,$(WinSysPath),$(DLLSelfRegister),$(Shared),2/16/10 2:22:44 PM,129872,6.1.98.16
File16=@RICHED32.DLL,$(WinSysPathSysFile),,,5/6/98 11:00:00 PM,174352,4.0.993.4
File17=@RICHTX32.OCX,$(WinSysPath),$(DLLSelfRegister),$(Shared),2/16/10 2:22:44 PM,218432,6.1.98.16
File18=@MSCOMCTL.OCX,$(WinSysPath),$(DLLSelfRegister),$(Shared),6/6/12 8:49:52 AM,1070152,6.1.98.34
File19=@MSVCRT.DLL,$(WinSysPathSysFile),,,2/16/04 11:00:00 PM,278581,6.0.9782.0
File20=@scrrun.dll,$(WinSysPath),$(DLLSelfRegister),$(Shared),10/12/13 3:03:31 AM,163840,5.8.7601.18283
File21=@MSWORD.OLB,$(WinSysPath),,$(Shared),11/17/16 5:15:31 PM,937672,16.0.6769.4781
File22=@elp82.dll,$(AppPath),,,10/15/99 12:08:40 AM,178688,0.0.0.0
File23=@shfolder.dll,$(WinSysPath),$(DLLSelfRegister),$(Shared),9/10/02 12:08:06 AM,22528,6.0.2800.1106
File24=@Astronomie.exe,$(AppPath),,,11/22/16 12:41:44 PM,7401472,3.0.0.65

; The following lines may be deleted in order to obtain extra 
; space for customizing this file on a full installation diskette.
; 
; XXXXXXXXXXXXXXXXXXXXXXXXXXXXXXXXXXXXXXXXXXXXXXXXXXXXXXXXXXXX
; XXXXXXXXXXXXXXXXXXXXXXXXXXXXXXXXXXXXXXXXXXXXXXXXXXXXXXXXXXXX
; XXXXXXXXXXXXXXXXXXXXXXXXXXXXXXXXXXXXXXXXXXXXXXXXXXXXXXXXXXXX
; XXXXXXXXXXXXXXXXXXXXXXXXXXXXXXXXXXXXXXXXXXXXXXXXXXXXXXXXXXXX
; XXXXXXXXXXXXXXXXXXXXXXXXXXXXXXXXXXXXXXXXXXXXXXXXXXXXXXXXXXXX
; XXXXXXXXXXXXXXXXXXXXXXXXXXXXXXXXXXXXXXXXXXXXXXXXXXXXXXXXXXXX
; XXXXXXXXXXXXXXXXXXXXXXXXXXXXXXXXXXXXXXXXXXXXXXXXXXXXXXXXXXXX
; XXXXXXXXXXXXXXXXXXXXXXXXXXXXXXXXXXXXXXXXXXXXXXXXXXXXXXXXXXXX
; XXXXXXXXXXXXXXXXXXXXXXXXXXXXXXXXXXXXXXXXXXXXXXXXXXXXXXXXXXXX
; XXXXXXXXXXXXXXXXXXXXXXXXXXXXXXXXXXXXXXXXXXXXXXXXXXXXXXXXXXXX
; XXXXXXXXXXXXXXXXXXXXXXXXXXXXXXXXXXXXXXXXXXXXXXXXXXXXXXXXXXXX
; XXXXXXXXXXXXXXXXXXXXXXXXXXXXXXXXXXXXXXXXXXXXXXXXXXXXXXXXXXXX
; XXXXXXXXXXXXXXXXXXXXXXXXXXXXXXXXXXXXXXXXXXXXXXXXXXXXXXXXXXXX
; XXXXXXXXXXXXXXXXXXXXXXXXXXXXXXXXXXXXXXXXXXXXXXXXXXXXXXXXXXXX
; XXXXXXXXXXXXXXXXXXXXXXXXXXXXXXXXXXXXXXXXXXXXXXXXXXXXXXXXXXXX
; XXXXXXXXXXXXXXXXXXXXXXXXXXXXXXXXXXXXXXXXXXXXXXXXXXXXXXXXXXXX
; XXXXXXXXXXXXXXXXXXXXXXXXXXXXXXXXXXXXXXXXXXXXXXXXXXXXXXXXXXXX
; XXXXXXXXXXXXXXXXXXXXXXXXXXXXXXXXXXXXXXXXXXXXXXXXXXXXXXXXXXXX
; XXXXXXXXXXXXXXXXXXXXXXXXXXXXXXXXXXXXXXXXXXXXXXXXXXXXXXXXXXXX
; XXXXXXXXXXXXXXXXXXXXXXXXXXXXXXXXXXXXXXXXXXXXXXXXXXXXXXXXXXXX
; XXXXXXXXXXXXXXXXXXXXXXXXXXXXXXXXXXXXXXXXXXXXXXXXXXXXXXXXXXXX
; XXXXXXXXXXXXXXXXXXXXXXXXXXXXXXXXXXXXXXXXXXXXXXXXXXXXXXXXXXXX
; XXXXXXXXXXXXXXXXXXXXXXXXXXXXXXXXXXXXXXXXXXXXXXXXXXXXXXXXXXXX
; XXXXXXXXXXXXXXXXXXXXXXXXXXXXXXXXXXXXXXXXXXXXXXXXXXXXXXXXXXXX
; XXXXXXXXXXXXXXXXXXXXXXXXXXXXXXXXXXXXXXXXXXXXXXXXXXXXXXXXXXXX
; XXXXXXXXXXXXXXXXXXXXXXXXXXXXXXXXXXXXXXXXXXXXXXXXXXXXXXXXXXXX
; XXXXXXXXXXXXXXXXXXXXXXXXXXXXXXXXXXXXXXXXXXXXXXXXXXXXXXXXXXXX
; XXXXXXXXXXXXXXXXXXXXXXXXXXXXXXXXXXXXXXXXXXXXXXXXXXXXXXXXXXXX
; XXXXXXXXXXXXXXXXXXXXXXXXXXXXXXXXXXXXXXXXXXXXXXXXXXXXXXXXXXXX
; XXXXXXXXXXXXXXXXXXXXXXXXXXXXXXXXXXXXXXXXXXXXXXXXXXXXXXXXXXXX
; XXXXXXXXXXXXXXXXXXXXXXXXXXXXXXXXXXXXXXXXXXXXXXXXXXXXXXXXXXXX
; XXXXXXXXXXXXXXXXXXXXXXXXXXXXXXXXXXXXXXXXXXXXXXXXXXXXXXXXXXXX
; XXXXXXXXXXXXXXXXXXXXXXXXXXXXXXXXXXXXXXXXXXXXXXXXXXXXXXXXXXXX
; XXXXXXXXXXXXXXXXXXXXXXXXXXXXXXXXXXXXXXXXXXXXXXXXXXXXXXXXXXXX
; XXXXXXXXXXXXXXXXXXXXXXXXXXXXXXXXXXXXXXXXXXXXXXXXXXXXXXXXXXXX
